main.c:141:6:HAL_UART_RxCpltCallback	16	static
main.c:159:5:main	8	static
main.c:259:6:SystemClock_Config	136	static
main.c:316:13:MX_NVIC_Init	8	static
main.c:328:13:MX_ADC1_Init	24	static
main.c:378:13:MX_ADC2_Init	24	static
main.c:428:13:MX_ADC3_Init	24	static
main.c:478:13:MX_RTC_Init	8	static
main.c:512:13:MX_USART3_UART_Init	8	static
main.c:545:13:MX_GPIO_Init	48	static
main.c:578:6:LED1Task	16	static
main.c:589:6:LED2Task	16	static
main.c:600:6:RotationTask	16	static
main.c:619:6:SoundTask	16	static
main.c:637:6:TouchTask	16	static
main.c:664:6:StartDefaultTask	16	static
main.c:684:6:HAL_TIM_PeriodElapsedCallback	16	static
main.c:701:6:Error_Handler	4	static
