01:24:16 **** Incremental Build of configuration Debug for project 210929_stm32_RTOS_to_MFC ****
make -j8 all 
arm-none-eabi-gcc "../Core/Src/main.c" -mcpu=cortex-m4 -std=gnu11 -g3 -DUSE_HAL_DRIVER -DDEBUG -DSTM32F429xx -c -I../Middlewares/Third_Party/FreeRTOS/Source/include -I../Middlewares/Third_Party/FreeRTOS/Source/portable/GCC/ARM_CM4F -I../Drivers/CMSIS/Include -I../Drivers/STM32F4xx_HAL_Driver/Inc -I../Core/Inc -I../Drivers/CMSIS/Device/ST/STM32F4xx/Include -I../Middlewares/Third_Party/FreeRTOS/Source/CMSIS_RTOS_V2 -I../Drivers/STM32F4xx_HAL_Driver/Inc/Legacy -O0 -ffunction-sections -fdata-sections -Wall -fstack-usage -MMD -MP -MF"Core/Src/main.d" -MT"Core/Src/main.o" --specs=nano.specs -mfpu=fpv4-sp-d16 -mfloat-abi=hard -mthumb -o "Core/Src/main.o"
../Core/Src/main.c:2:1: warning: "/*" within comment [-Wcomment]
 /* USER CODE BEGIN Header */
  
../Core/Src/main.c: In function 'HAL_UART_RxCpltCallback':
../Core/Src/main.c:146:32: warning: passing argument 2 of 'HAL_UART_Receive_IT' from incompatible pointer type [-Wincompatible-pointer-types]
   HAL_UART_Receive_IT(&huart3, &uart_buf, 1);
                                ^
In file included from ../Core/Inc/stm32f4xx_hal_conf.h:364:0,
                 from ../Drivers/STM32F4xx_HAL_Driver/Inc/stm32f4xx_hal.h:30,
                 from ../Core/Inc/main.h:31,
                 from ../Core/Src/main.c:23:
../Drivers/STM32F4xx_HAL_Driver/Inc/stm32f4xx_hal_uart.h:699:19: note: expected 'uint8_t * {aka unsigned char *}' but argument is of type 'char (*)[100]'
 HAL_StatusTypeDef HAL_UART_Receive_IT(UART_HandleTypeDef *huart, uint8_t *pData, uint16_t Size);
                   ^~~~~~~~~~~~~~~~~~~
../Core/Src/main.c: In function 'main':
../Core/Src/main.c:192:31: warning: passing argument 2 of 'HAL_UART_Receive_IT' from incompatible pointer type [-Wincompatible-pointer-types]
   HAL_UART_Receive_IT(&huart3,&uart_buf,1);
                               ^
In file included from ../Core/Inc/stm32f4xx_hal_conf.h:364:0,
                 from ../Drivers/STM32F4xx_HAL_Driver/Inc/stm32f4xx_hal.h:30,
                 from ../Core/Inc/main.h:31,
                 from ../Core/Src/main.c:23:
../Drivers/STM32F4xx_HAL_Driver/Inc/stm32f4xx_hal_uart.h:699:19: note: expected 'uint8_t * {aka unsigned char *}' but argument is of type 'char (*)[100]'
 HAL_StatusTypeDef HAL_UART_Receive_IT(UART_HandleTypeDef *huart, uint8_t *pData, uint16_t Size);
                   ^~~~~~~~~~~~~~~~~~~
../Core/Src/main.c: In function 'RotationTask':
../Core/Src/main.c:611:4: warning: implicit declaration of function 'memset' [-Wimplicit-function-declaration]
    memset(uart_buf1,0,sizeof(uart_buf1));
    ^~~~~~
../Core/Src/main.c:611:4: warning: incompatible implicit declaration of built-in function 'memset'
../Core/Src/main.c:611:4: note: include '<string.h>' or provide a declaration of 'memset'
../Core/Src/main.c:612:4: warning: implicit declaration of function 'sprintf' [-Wimplicit-function-declaration]
    sprintf(uart_buf1,"     Rotation =%d \r\n", adc_value1);
    ^~~~~~~
../Core/Src/main.c:612:4: warning: incompatible implicit declaration of built-in function 'sprintf'
../Core/Src/main.c:612:4: note: include '<stdio.h>' or provide a declaration of 'sprintf'
../Core/Src/main.c:612:39: warning: format '%d' expects argument of type 'int', but argument 3 has type 'uint32_t {aka long unsigned int}' [-Wformat=]
    sprintf(uart_buf1,"     Rotation =%d \r\n", adc_value1);
                                      ~^
                                      %ld
../Core/Src/main.c:613:33: warning: pointer targets in passing argument 2 of 'HAL_UART_Transmit_IT' differ in signedness [-Wpointer-sign]
    HAL_UART_Transmit_IT(&huart3,uart_buf,sizeof(uart_buf1));
                                 ^~~~~~~~
In file included from ../Core/Inc/stm32f4xx_hal_conf.h:364:0,
                 from ../Drivers/STM32F4xx_HAL_Driver/Inc/stm32f4xx_hal.h:30,
                 from ../Core/Inc/main.h:31,
                 from ../Core/Src/main.c:23:
../Drivers/STM32F4xx_HAL_Driver/Inc/stm32f4xx_hal_uart.h:698:19: note: expected 'uint8_t * {aka unsigned char *}' but argument is of type 'char *'
 HAL_StatusTypeDef HAL_UART_Transmit_IT(UART_HandleTypeDef *huart, uint8_t *pData, uint16_t Size);
                   ^~~~~~~~~~~~~~~~~~~~
../Core/Src/main.c: In function 'SoundTask':
../Core/Src/main.c:630:4: warning: incompatible implicit declaration of built-in function 'memset'
    memset(uart_buf2,0,sizeof(uart_buf2));
    ^~~~~~
../Core/Src/main.c:630:4: note: include '<string.h>' or provide a declaration of 'memset'
../Core/Src/main.c:631:4: warning: incompatible implicit declaration of built-in function 'sprintf'
    sprintf(uart_buf2,"            Sound =%d\r\n", adc_value2);
    ^~~~~~~
../Core/Src/main.c:631:4: note: include '<stdio.h>' or provide a declaration of 'sprintf'
../Core/Src/main.c:631:43: warning: format '%d' expects argument of type 'int', but argument 3 has type 'uint32_t {aka long unsigned int}' [-Wformat=]
    sprintf(uart_buf2,"            Sound =%d\r\n", adc_value2);
                                          ~^
                                          %ld
../Core/Src/main.c:632:33: warning: pointer targets in passing argument 2 of 'HAL_UART_Transmit_IT' differ in signedness [-Wpointer-sign]
    HAL_UART_Transmit_IT(&huart3,uart_buf,sizeof(uart_buf2));
                                 ^~~~~~~~
In file included from ../Core/Inc/stm32f4xx_hal_conf.h:364:0,
                 from ../Drivers/STM32F4xx_HAL_Driver/Inc/stm32f4xx_hal.h:30,
                 from ../Core/Inc/main.h:31,
                 from ../Core/Src/main.c:23:
../Drivers/STM32F4xx_HAL_Driver/Inc/stm32f4xx_hal_uart.h:698:19: note: expected 'uint8_t * {aka unsigned char *}' but argument is of type 'char *'
 HAL_StatusTypeDef HAL_UART_Transmit_IT(UART_HandleTypeDef *huart, uint8_t *pData, uint16_t Size);
                   ^~~~~~~~~~~~~~~~~~~~
../Core/Src/main.c: In function 'MagneticTask':
../Core/Src/main.c:648:4: warning: incompatible implicit declaration of built-in function 'memset'
    memset(uart_buf3,0,sizeof(uart_buf3));
    ^~~~~~
../Core/Src/main.c:648:4: note: include '<string.h>' or provide a declaration of 'memset'
../Core/Src/main.c:649:4: warning: incompatible implicit declaration of built-in function 'sprintf'
    sprintf(uart_buf3,"Magnetic =%d\r\n", adc_value3);
    ^~~~~~~
../Core/Src/main.c:649:4: note: include '<stdio.h>' or provide a declaration of 'sprintf'
../Core/Src/main.c:649:34: warning: format '%d' expects argument of type 'int', but argument 3 has type 'uint32_t {aka long unsigned int}' [-Wformat=]
    sprintf(uart_buf3,"Magnetic =%d\r\n", adc_value3);
                                 ~^
                                 %ld
../Core/Src/main.c:650:33: warning: pointer targets in passing argument 2 of 'HAL_UART_Transmit_IT' differ in signedness [-Wpointer-sign]
    HAL_UART_Transmit_IT(&huart3,uart_buf3,sizeof(uart_buf3));
                                 ^~~~~~~~~
In file included from ../Core/Inc/stm32f4xx_hal_conf.h:364:0,
                 from ../Drivers/STM32F4xx_HAL_Driver/Inc/stm32f4xx_hal.h:30,
                 from ../Core/Inc/main.h:31,
                 from ../Core/Src/main.c:23:
../Drivers/STM32F4xx_HAL_Driver/Inc/stm32f4xx_hal_uart.h:698:19: note: expected 'uint8_t * {aka unsigned char *}' but argument is of type 'char *'
 HAL_StatusTypeDef HAL_UART_Transmit_IT(UART_HandleTypeDef *huart, uint8_t *pData, uint16_t Size);
                   ^~~~~~~~~~~~~~~~~~~~
arm-none-eabi-gcc -o "210929_stm32_RTOS_to_MFC.elf" @"objects.list"   -mcpu=cortex-m4 -T"C:\Users\hwido\Documents\stm32_RTOS_to_MFC\210929_stm32_RTOS_to_MFC\STM32F429ZITX_FLASH.ld" --specs=nosys.specs -Wl,-Map="210929_stm32_RTOS_to_MFC.map" -Wl,--gc-sections -static --specs=nano.specs -mfpu=fpv4-sp-d16 -mfloat-abi=hard -mthumb -Wl,--start-group -lc -lm -Wl,--end-group
Core/Src/main.o: In function `main':
C:/Users/hwido/Documents/stm32_RTOS_to_MFC/210929_stm32_RTOS_to_MFC/Debug/../Core/Src/main.c:221: undefined reference to `osMutexCreate'
collect2.exe: error: ld returned 1 exit status
make: *** [makefile:48: 210929_stm32_RTOS_to_MFC.elf] Error 1
"make -j8 all" terminated with exit code 2. Build might be incomplete.
01:24:51 **** Incremental Build of configuration Debug for project 210929_stm32_RTOS_to_MFC ****
make -j8 all 
arm-none-eabi-gcc -o "210929_stm32_RTOS_to_MFC.elf" @"objects.list"   -mcpu=cortex-m4 -T"C:\Users\hwido\Documents\stm32_RTOS_to_MFC\210929_stm32_RTOS_to_MFC\STM32F429ZITX_FLASH.ld" --specs=nosys.specs -Wl,-Map="210929_stm32_RTOS_to_MFC.map" -Wl,--gc-sections -static --specs=nano.specs -mfpu=fpv4-sp-d16 -mfloat-abi=hard -mthumb -Wl,--start-group -lc -lm -Wl,--end-group
Core/Src/main.o: In function `main':
C:/Users/hwido/Documents/stm32_RTOS_to_MFC/210929_stm32_RTOS_to_MFC/Debug/../Core/Src/main.c:221: undefined reference to `osMutexCreate'
collect2.exe: error: ld returned 1 exit status
make: *** [makefile:48: 210929_stm32_RTOS_to_MFC.elf] Error 1
"make -j8 all" terminated with exit code 2. Build might be incomplete.
01:29:29 **** Incremental Build of configuration Debug for project 210929_stm32_RTOS_to_MFC ****
make -j8 all 
arm-none-eabi-gcc "../Core/Src/main.c" -mcpu=cortex-m4 -std=gnu11 -g3 -DUSE_HAL_DRIVER -DDEBUG -DSTM32F429xx -c -I../Middlewares/Third_Party/FreeRTOS/Source/include -I../Middlewares/Third_Party/FreeRTOS/Source/portable/GCC/ARM_CM4F -I../Drivers/CMSIS/Include -I../Drivers/STM32F4xx_HAL_Driver/Inc -I../Core/Inc -I../Drivers/CMSIS/Device/ST/STM32F4xx/Include -I../Middlewares/Third_Party/FreeRTOS/Source/CMSIS_RTOS_V2 -I../Drivers/STM32F4xx_HAL_Driver/Inc/Legacy -O0 -ffunction-sections -fdata-sections -Wall -fstack-usage -MMD -MP -MF"Core/Src/main.d" -MT"Core/Src/main.o" --specs=nano.specs -mfpu=fpv4-sp-d16 -mfloat-abi=hard -mthumb -o "Core/Src/main.o"
../Core/Src/main.c:2:1: warning: "/*" within comment [-Wcomment]
 /* USER CODE BEGIN Header */
  
../Core/Src/main.c: In function 'HAL_UART_RxCpltCallback':
../Core/Src/main.c:146:32: warning: passing argument 2 of 'HAL_UART_Receive_IT' from incompatible pointer type [-Wincompatible-pointer-types]
   HAL_UART_Receive_IT(&huart3, &uart_buf, 1);
                                ^
In file included from ../Core/Inc/stm32f4xx_hal_conf.h:364:0,
                 from ../Drivers/STM32F4xx_HAL_Driver/Inc/stm32f4xx_hal.h:30,
                 from ../Core/Inc/main.h:31,
                 from ../Core/Src/main.c:23:
../Drivers/STM32F4xx_HAL_Driver/Inc/stm32f4xx_hal_uart.h:699:19: note: expected 'uint8_t * {aka unsigned char *}' but argument is of type 'char (*)[100]'
 HAL_StatusTypeDef HAL_UART_Receive_IT(UART_HandleTypeDef *huart, uint8_t *pData, uint16_t Size);
                   ^~~~~~~~~~~~~~~~~~~
../Core/Src/main.c: In function 'main':
../Core/Src/main.c:192:31: warning: passing argument 2 of 'HAL_UART_Receive_IT' from incompatible pointer type [-Wincompatible-pointer-types]
   HAL_UART_Receive_IT(&huart3,&uart_buf,1);
                               ^
In file included from ../Core/Inc/stm32f4xx_hal_conf.h:364:0,
                 from ../Drivers/STM32F4xx_HAL_Driver/Inc/stm32f4xx_hal.h:30,
                 from ../Core/Inc/main.h:31,
                 from ../Core/Src/main.c:23:
../Drivers/STM32F4xx_HAL_Driver/Inc/stm32f4xx_hal_uart.h:699:19: note: expected 'uint8_t * {aka unsigned char *}' but argument is of type 'char (*)[100]'
 HAL_StatusTypeDef HAL_UART_Receive_IT(UART_HandleTypeDef *huart, uint8_t *pData, uint16_t Size);
                   ^~~~~~~~~~~~~~~~~~~
../Core/Src/main.c: In function 'RotationTask':
../Core/Src/main.c:611:4: warning: implicit declaration of function 'memset' [-Wimplicit-function-declaration]
    memset(uart_buf1,0,sizeof(uart_buf1));
    ^~~~~~
../Core/Src/main.c:611:4: warning: incompatible implicit declaration of built-in function 'memset'
../Core/Src/main.c:611:4: note: include '<string.h>' or provide a declaration of 'memset'
../Core/Src/main.c:612:4: warning: implicit declaration of function 'sprintf' [-Wimplicit-function-declaration]
    sprintf(uart_buf1,"     Rotation =%d \r\n", adc_value1);
    ^~~~~~~
../Core/Src/main.c:612:4: warning: incompatible implicit declaration of built-in function 'sprintf'
../Core/Src/main.c:612:4: note: include '<stdio.h>' or provide a declaration of 'sprintf'
../Core/Src/main.c:612:39: warning: format '%d' expects argument of type 'int', but argument 3 has type 'uint32_t {aka long unsigned int}' [-Wformat=]
    sprintf(uart_buf1,"     Rotation =%d \r\n", adc_value1);
                                      ~^
                                      %ld
../Core/Src/main.c:613:33: warning: pointer targets in passing argument 2 of 'HAL_UART_Transmit_IT' differ in signedness [-Wpointer-sign]
    HAL_UART_Transmit_IT(&huart3,uart_buf1,sizeof(uart_buf1));
                                 ^~~~~~~~~
In file included from ../Core/Inc/stm32f4xx_hal_conf.h:364:0,
                 from ../Drivers/STM32F4xx_HAL_Driver/Inc/stm32f4xx_hal.h:30,
                 from ../Core/Inc/main.h:31,
                 from ../Core/Src/main.c:23:
../Drivers/STM32F4xx_HAL_Driver/Inc/stm32f4xx_hal_uart.h:698:19: note: expected 'uint8_t * {aka unsigned char *}' but argument is of type 'char *'
 HAL_StatusTypeDef HAL_UART_Transmit_IT(UART_HandleTypeDef *huart, uint8_t *pData, uint16_t Size);
                   ^~~~~~~~~~~~~~~~~~~~
../Core/Src/main.c: In function 'SoundTask':
../Core/Src/main.c:630:4: warning: incompatible implicit declaration of built-in function 'memset'
    memset(uart_buf2,0,sizeof(uart_buf2));
    ^~~~~~
../Core/Src/main.c:630:4: note: include '<string.h>' or provide a declaration of 'memset'
../Core/Src/main.c:631:4: warning: incompatible implicit declaration of built-in function 'sprintf'
    sprintf(uart_buf2,"            Sound =%d\r\n", adc_value2);
    ^~~~~~~
../Core/Src/main.c:631:4: note: include '<stdio.h>' or provide a declaration of 'sprintf'
../Core/Src/main.c:631:43: warning: format '%d' expects argument of type 'int', but argument 3 has type 'uint32_t {aka long unsigned int}' [-Wformat=]
    sprintf(uart_buf2,"            Sound =%d\r\n", adc_value2);
                                          ~^
                                          %ld
../Core/Src/main.c:632:33: warning: pointer targets in passing argument 2 of 'HAL_UART_Transmit_IT' differ in signedness [-Wpointer-sign]
    HAL_UART_Transmit_IT(&huart3,uart_buf2,sizeof(uart_buf2));
                                 ^~~~~~~~~
In file included from ../Core/Inc/stm32f4xx_hal_conf.h:364:0,
                 from ../Drivers/STM32F4xx_HAL_Driver/Inc/stm32f4xx_hal.h:30,
                 from ../Core/Inc/main.h:31,
                 from ../Core/Src/main.c:23:
../Drivers/STM32F4xx_HAL_Driver/Inc/stm32f4xx_hal_uart.h:698:19: note: expected 'uint8_t * {aka unsigned char *}' but argument is of type 'char *'
 HAL_StatusTypeDef HAL_UART_Transmit_IT(UART_HandleTypeDef *huart, uint8_t *pData, uint16_t Size);
                   ^~~~~~~~~~~~~~~~~~~~
../Core/Src/main.c: In function 'MagneticTask':
../Core/Src/main.c:648:4: warning: incompatible implicit declaration of built-in function 'memset'
    memset(uart_buf3,0,sizeof(uart_buf3));
    ^~~~~~
../Core/Src/main.c:648:4: note: include '<string.h>' or provide a declaration of 'memset'
../Core/Src/main.c:649:4: warning: incompatible implicit declaration of built-in function 'sprintf'
    sprintf(uart_buf3,"Magnetic =%d\r\n", adc_value3);
    ^~~~~~~
../Core/Src/main.c:649:4: note: include '<stdio.h>' or provide a declaration of 'sprintf'
../Core/Src/main.c:649:34: warning: format '%d' expects argument of type 'int', but argument 3 has type 'uint32_t {aka long unsigned int}' [-Wformat=]
    sprintf(uart_buf3,"Magnetic =%d\r\n", adc_value3);
                                 ~^
                                 %ld
../Core/Src/main.c:650:33: warning: pointer targets in passing argument 2 of 'HAL_UART_Transmit_IT' differ in signedness [-Wpointer-sign]
    HAL_UART_Transmit_IT(&huart3,uart_buf3,sizeof(uart_buf3));
                                 ^~~~~~~~~
In file included from ../Core/Inc/stm32f4xx_hal_conf.h:364:0,
                 from ../Drivers/STM32F4xx_HAL_Driver/Inc/stm32f4xx_hal.h:30,
                 from ../Core/Inc/main.h:31,
                 from ../Core/Src/main.c:23:
../Drivers/STM32F4xx_HAL_Driver/Inc/stm32f4xx_hal_uart.h:698:19: note: expected 'uint8_t * {aka unsigned char *}' but argument is of type 'char *'
 HAL_StatusTypeDef HAL_UART_Transmit_IT(UART_HandleTypeDef *huart, uint8_t *pData, uint16_t Size);
                   ^~~~~~~~~~~~~~~~~~~~
arm-none-eabi-gcc -o "210929_stm32_RTOS_to_MFC.elf" @"objects.list"   -mcpu=cortex-m4 -T"C:\Users\hwido\Documents\stm32_RTOS_to_MFC\210929_stm32_RTOS_to_MFC\STM32F429ZITX_FLASH.ld" --specs=nosys.specs -Wl,-Map="210929_stm32_RTOS_to_MFC.map" -Wl,--gc-sections -static --specs=nano.specs -mfpu=fpv4-sp-d16 -mfloat-abi=hard -mthumb -Wl,--start-group -lc -lm -Wl,--end-group
Core/Src/main.o: In function `main':
C:/Users/hwido/Documents/stm32_RTOS_to_MFC/210929_stm32_RTOS_to_MFC/Debug/../Core/Src/main.c:221: undefined reference to `osMutexCreate'
collect2.exe: error: ld returned 1 exit status
make: *** [makefile:48: 210929_stm32_RTOS_to_MFC.elf] Error 1
"make -j8 all" terminated with exit code 2. Build might be incomplete.
01:30:48 **** Incremental Build of configuration Debug for project 210929_stm32_RTOS_to_MFC ****
make -j8 all 
arm-none-eabi-gcc "../Core/Src/main.c" -mcpu=cortex-m4 -std=gnu11 -g3 -DUSE_HAL_DRIVER -DDEBUG -DSTM32F429xx -c -I../Middlewares/Third_Party/FreeRTOS/Source/include -I../Middlewares/Third_Party/FreeRTOS/Source/portable/GCC/ARM_CM4F -I../Drivers/CMSIS/Include -I../Drivers/STM32F4xx_HAL_Driver/Inc -I../Core/Inc -I../Drivers/CMSIS/Device/ST/STM32F4xx/Include -I../Middlewares/Third_Party/FreeRTOS/Source/CMSIS_RTOS_V2 -I../Drivers/STM32F4xx_HAL_Driver/Inc/Legacy -O0 -ffunction-sections -fdata-sections -Wall -fstack-usage -MMD -MP -MF"Core/Src/main.d" -MT"Core/Src/main.o" --specs=nano.specs -mfpu=fpv4-sp-d16 -mfloat-abi=hard -mthumb -o "Core/Src/main.o"
../Core/Src/main.c:2:1: warning: "/*" within comment [-Wcomment]
 /* USER CODE BEGIN Header */
  
../Core/Src/main.c: In function 'HAL_UART_RxCpltCallback':
../Core/Src/main.c:146:32: warning: passing argument 2 of 'HAL_UART_Receive_IT' from incompatible pointer type [-Wincompatible-pointer-types]
   HAL_UART_Receive_IT(&huart3, &uart_buf, 1);
                                ^
In file included from ../Core/Inc/stm32f4xx_hal_conf.h:364:0,
                 from ../Drivers/STM32F4xx_HAL_Driver/Inc/stm32f4xx_hal.h:30,
                 from ../Core/Inc/main.h:31,
                 from ../Core/Src/main.c:23:
../Drivers/STM32F4xx_HAL_Driver/Inc/stm32f4xx_hal_uart.h:699:19: note: expected 'uint8_t * {aka unsigned char *}' but argument is of type 'char (*)[100]'
 HAL_StatusTypeDef HAL_UART_Receive_IT(UART_HandleTypeDef *huart, uint8_t *pData, uint16_t Size);
                   ^~~~~~~~~~~~~~~~~~~
../Core/Src/main.c: In function 'main':
../Core/Src/main.c:192:31: warning: passing argument 2 of 'HAL_UART_Receive_IT' from incompatible pointer type [-Wincompatible-pointer-types]
   HAL_UART_Receive_IT(&huart3,&uart_buf,1);
                               ^
In file included from ../Core/Inc/stm32f4xx_hal_conf.h:364:0,
                 from ../Drivers/STM32F4xx_HAL_Driver/Inc/stm32f4xx_hal.h:30,
                 from ../Core/Inc/main.h:31,
                 from ../Core/Src/main.c:23:
../Drivers/STM32F4xx_HAL_Driver/Inc/stm32f4xx_hal_uart.h:699:19: note: expected 'uint8_t * {aka unsigned char *}' but argument is of type 'char (*)[100]'
 HAL_StatusTypeDef HAL_UART_Receive_IT(UART_HandleTypeDef *huart, uint8_t *pData, uint16_t Size);
                   ^~~~~~~~~~~~~~~~~~~
../Core/Src/main.c: In function 'RotationTask':
../Core/Src/main.c:611:4: warning: implicit declaration of function 'memset' [-Wimplicit-function-declaration]
    memset(uart_buf1,0,sizeof(uart_buf1));
    ^~~~~~
../Core/Src/main.c:611:4: warning: incompatible implicit declaration of built-in function 'memset'
../Core/Src/main.c:611:4: note: include '<string.h>' or provide a declaration of 'memset'
../Core/Src/main.c:612:4: warning: implicit declaration of function 'sprintf' [-Wimplicit-function-declaration]
    sprintf(uart_buf1,"     Rotation =%d \r\n", adc_value1);
    ^~~~~~~
../Core/Src/main.c:612:4: warning: incompatible implicit declaration of built-in function 'sprintf'
../Core/Src/main.c:612:4: note: include '<stdio.h>' or provide a declaration of 'sprintf'
../Core/Src/main.c:612:39: warning: format '%d' expects argument of type 'int', but argument 3 has type 'uint32_t {aka long unsigned int}' [-Wformat=]
    sprintf(uart_buf1,"     Rotation =%d \r\n", adc_value1);
                                      ~^
                                      %ld
../Core/Src/main.c:613:33: warning: pointer targets in passing argument 2 of 'HAL_UART_Transmit_IT' differ in signedness [-Wpointer-sign]
    HAL_UART_Transmit_IT(&huart3,uart_buf1,sizeof(uart_buf1));
                                 ^~~~~~~~~
In file included from ../Core/Inc/stm32f4xx_hal_conf.h:364:0,
                 from ../Drivers/STM32F4xx_HAL_Driver/Inc/stm32f4xx_hal.h:30,
                 from ../Core/Inc/main.h:31,
                 from ../Core/Src/main.c:23:
../Drivers/STM32F4xx_HAL_Driver/Inc/stm32f4xx_hal_uart.h:698:19: note: expected 'uint8_t * {aka unsigned char *}' but argument is of type 'char *'
 HAL_StatusTypeDef HAL_UART_Transmit_IT(UART_HandleTypeDef *huart, uint8_t *pData, uint16_t Size);
                   ^~~~~~~~~~~~~~~~~~~~
../Core/Src/main.c: In function 'SoundTask':
../Core/Src/main.c:630:4: warning: incompatible implicit declaration of built-in function 'memset'
    memset(uart_buf2,0,sizeof(uart_buf2));
    ^~~~~~
../Core/Src/main.c:630:4: note: include '<string.h>' or provide a declaration of 'memset'
../Core/Src/main.c:631:4: warning: incompatible implicit declaration of built-in function 'sprintf'
    sprintf(uart_buf2,"            Sound =%d\r\n", adc_value2);
    ^~~~~~~
../Core/Src/main.c:631:4: note: include '<stdio.h>' or provide a declaration of 'sprintf'
../Core/Src/main.c:631:43: warning: format '%d' expects argument of type 'int', but argument 3 has type 'uint32_t {aka long unsigned int}' [-Wformat=]
    sprintf(uart_buf2,"            Sound =%d\r\n", adc_value2);
                                          ~^
                                          %ld
../Core/Src/main.c:632:33: warning: pointer targets in passing argument 2 of 'HAL_UART_Transmit_IT' differ in signedness [-Wpointer-sign]
    HAL_UART_Transmit_IT(&huart3,uart_buf2,sizeof(uart_buf2));
                                 ^~~~~~~~~
In file included from ../Core/Inc/stm32f4xx_hal_conf.h:364:0,
                 from ../Drivers/STM32F4xx_HAL_Driver/Inc/stm32f4xx_hal.h:30,
                 from ../Core/Inc/main.h:31,
                 from ../Core/Src/main.c:23:
../Drivers/STM32F4xx_HAL_Driver/Inc/stm32f4xx_hal_uart.h:698:19: note: expected 'uint8_t * {aka unsigned char *}' but argument is of type 'char *'
 HAL_StatusTypeDef HAL_UART_Transmit_IT(UART_HandleTypeDef *huart, uint8_t *pData, uint16_t Size);
                   ^~~~~~~~~~~~~~~~~~~~
../Core/Src/main.c: In function 'MagneticTask':
../Core/Src/main.c:648:4: warning: incompatible implicit declaration of built-in function 'memset'
    memset(uart_buf3,0,sizeof(uart_buf3));
    ^~~~~~
../Core/Src/main.c:648:4: note: include '<string.h>' or provide a declaration of 'memset'
../Core/Src/main.c:649:4: warning: incompatible implicit declaration of built-in function 'sprintf'
    sprintf(uart_buf3,"Magnetic =%d\r\n", adc_value3);
    ^~~~~~~
../Core/Src/main.c:649:4: note: include '<stdio.h>' or provide a declaration of 'sprintf'
../Core/Src/main.c:649:34: warning: format '%d' expects argument of type 'int', but argument 3 has type 'uint32_t {aka long unsigned int}' [-Wformat=]
    sprintf(uart_buf3,"Magnetic =%d\r\n", adc_value3);
                                 ~^
                                 %ld
../Core/Src/main.c:650:33: warning: pointer targets in passing argument 2 of 'HAL_UART_Transmit_IT' differ in signedness [-Wpointer-sign]
    HAL_UART_Transmit_IT(&huart3,uart_buf3,sizeof(uart_buf3));
                                 ^~~~~~~~~
In file included from ../Core/Inc/stm32f4xx_hal_conf.h:364:0,
                 from ../Drivers/STM32F4xx_HAL_Driver/Inc/stm32f4xx_hal.h:30,
                 from ../Core/Inc/main.h:31,
                 from ../Core/Src/main.c:23:
../Drivers/STM32F4xx_HAL_Driver/Inc/stm32f4xx_hal_uart.h:698:19: note: expected 'uint8_t * {aka unsigned char *}' but argument is of type 'char *'
 HAL_StatusTypeDef HAL_UART_Transmit_IT(UART_HandleTypeDef *huart, uint8_t *pData, uint16_t Size);
                   ^~~~~~~~~~~~~~~~~~~~
arm-none-eabi-gcc -o "210929_stm32_RTOS_to_MFC.elf" @"objects.list"   -mcpu=cortex-m4 -T"C:\Users\hwido\Documents\stm32_RTOS_to_MFC\210929_stm32_RTOS_to_MFC\STM32F429ZITX_FLASH.ld" --specs=nosys.specs -Wl,-Map="210929_stm32_RTOS_to_MFC.map" -Wl,--gc-sections -static --specs=nano.specs -mfpu=fpv4-sp-d16 -mfloat-abi=hard -mthumb -Wl,--start-group -lc -lm -Wl,--end-group
Finished building target: 210929_stm32_RTOS_to_MFC.elf
 
arm-none-eabi-objdump -h -S  210929_stm32_RTOS_to_MFC.elf  > "210929_stm32_RTOS_to_MFC.list"
arm-none-eabi-objcopy  -O binary  210929_stm32_RTOS_to_MFC.elf  "210929_stm32_RTOS_to_MFC.bin"
arm-none-eabi-size   210929_stm32_RTOS_to_MFC.elf 
   text	   data	    bss	    dec	    hex	filename
  31688	    124	  21036	  52848	   ce70	210929_stm32_RTOS_to_MFC.elf
Finished building: default.size.stdout
 
Finished building: 210929_stm32_RTOS_to_MFC.bin
 
Finished building: 210929_stm32_RTOS_to_MFC.list
 
01:31:12 **** Incremental Build of configuration Debug for project 210929_stm32_RTOS_to_MFC ****
make -j8 all 
arm-none-eabi-size   210929_stm32_RTOS_to_MFC.elf 
   text	   data	    bss	    dec	    hex	filename
  31688	    124	  21036	  52848	   ce70	210929_stm32_RTOS_to_MFC.elf
Finished building: default.size.stdout
 
01:56:11 **** Incremental Build of configuration Debug for project 210929_stm32_RTOS_to_MFC ****
make -j8 all 
arm-none-eabi-gcc "../Core/Src/main.c" -mcpu=cortex-m4 -std=gnu11 -g3 -DUSE_HAL_DRIVER -DDEBUG -DSTM32F429xx -c -I../Middlewares/Third_Party/FreeRTOS/Source/include -I../Middlewares/Third_Party/FreeRTOS/Source/portable/GCC/ARM_CM4F -I../Drivers/CMSIS/Include -I../Drivers/STM32F4xx_HAL_Driver/Inc -I../Core/Inc -I../Drivers/CMSIS/Device/ST/STM32F4xx/Include -I../Middlewares/Third_Party/FreeRTOS/Source/CMSIS_RTOS_V2 -I../Drivers/STM32F4xx_HAL_Driver/Inc/Legacy -O0 -ffunction-sections -fdata-sections -Wall -fstack-usage -MMD -MP -MF"Core/Src/main.d" -MT"Core/Src/main.o" --specs=nano.specs -mfpu=fpv4-sp-d16 -mfloat-abi=hard -mthumb -o "Core/Src/main.o"
../Core/Src/main.c:2:1: warning: "/*" within comment [-Wcomment]
 /* USER CODE BEGIN Header */
  
../Core/Src/main.c: In function 'HAL_UART_RxCpltCallback':
../Core/Src/main.c:146:32: warning: passing argument 2 of 'HAL_UART_Receive_IT' from incompatible pointer type [-Wincompatible-pointer-types]
   HAL_UART_Receive_IT(&huart3, &uart_buf, 1);
                                ^
In file included from ../Core/Inc/stm32f4xx_hal_conf.h:364:0,
                 from ../Drivers/STM32F4xx_HAL_Driver/Inc/stm32f4xx_hal.h:30,
                 from ../Core/Inc/main.h:31,
                 from ../Core/Src/main.c:23:
../Drivers/STM32F4xx_HAL_Driver/Inc/stm32f4xx_hal_uart.h:699:19: note: expected 'uint8_t * {aka unsigned char *}' but argument is of type 'char (*)[100]'
 HAL_StatusTypeDef HAL_UART_Receive_IT(UART_HandleTypeDef *huart, uint8_t *pData, uint16_t Size);
                   ^~~~~~~~~~~~~~~~~~~
../Core/Src/main.c: In function 'main':
../Core/Src/main.c:192:31: warning: passing argument 2 of 'HAL_UART_Receive_IT' from incompatible pointer type [-Wincompatible-pointer-types]
   HAL_UART_Receive_IT(&huart3,&uart_buf,1);
                               ^
In file included from ../Core/Inc/stm32f4xx_hal_conf.h:364:0,
                 from ../Drivers/STM32F4xx_HAL_Driver/Inc/stm32f4xx_hal.h:30,
                 from ../Core/Inc/main.h:31,
                 from ../Core/Src/main.c:23:
../Drivers/STM32F4xx_HAL_Driver/Inc/stm32f4xx_hal_uart.h:699:19: note: expected 'uint8_t * {aka unsigned char *}' but argument is of type 'char (*)[100]'
 HAL_StatusTypeDef HAL_UART_Receive_IT(UART_HandleTypeDef *huart, uint8_t *pData, uint16_t Size);
                   ^~~~~~~~~~~~~~~~~~~
../Core/Src/main.c: In function 'RotationTask':
../Core/Src/main.c:611:4: warning: implicit declaration of function 'memset' [-Wimplicit-function-declaration]
    memset(uart_buf1,0,sizeof(uart_buf1));
    ^~~~~~
../Core/Src/main.c:611:4: warning: incompatible implicit declaration of built-in function 'memset'
../Core/Src/main.c:611:4: note: include '<string.h>' or provide a declaration of 'memset'
../Core/Src/main.c:612:4: warning: implicit declaration of function 'sprintf' [-Wimplicit-function-declaration]
    sprintf(uart_buf1,"     Rotation =%d \r\n", adc_value1);
    ^~~~~~~
../Core/Src/main.c:612:4: warning: incompatible implicit declaration of built-in function 'sprintf'
../Core/Src/main.c:612:4: note: include '<stdio.h>' or provide a declaration of 'sprintf'
../Core/Src/main.c:612:39: warning: format '%d' expects argument of type 'int', but argument 3 has type 'uint32_t {aka long unsigned int}' [-Wformat=]
    sprintf(uart_buf1,"     Rotation =%d \r\n", adc_value1);
                                      ~^
                                      %ld
../Core/Src/main.c:613:33: warning: pointer targets in passing argument 2 of 'HAL_UART_Transmit_IT' differ in signedness [-Wpointer-sign]
    HAL_UART_Transmit_IT(&huart3,uart_buf1,sizeof(uart_buf1));
                                 ^~~~~~~~~
In file included from ../Core/Inc/stm32f4xx_hal_conf.h:364:0,
                 from ../Drivers/STM32F4xx_HAL_Driver/Inc/stm32f4xx_hal.h:30,
                 from ../Core/Inc/main.h:31,
                 from ../Core/Src/main.c:23:
../Drivers/STM32F4xx_HAL_Driver/Inc/stm32f4xx_hal_uart.h:698:19: note: expected 'uint8_t * {aka unsigned char *}' but argument is of type 'char *'
 HAL_StatusTypeDef HAL_UART_Transmit_IT(UART_HandleTypeDef *huart, uint8_t *pData, uint16_t Size);
                   ^~~~~~~~~~~~~~~~~~~~
../Core/Src/main.c: In function 'SoundTask':
../Core/Src/main.c:630:4: warning: incompatible implicit declaration of built-in function 'memset'
    memset(uart_buf2,0,sizeof(uart_buf2));
    ^~~~~~
../Core/Src/main.c:630:4: note: include '<string.h>' or provide a declaration of 'memset'
../Core/Src/main.c:631:4: warning: incompatible implicit declaration of built-in function 'sprintf'
    sprintf(uart_buf2,"            Sound =%d\r\n", adc_value2);
    ^~~~~~~
../Core/Src/main.c:631:4: note: include '<stdio.h>' or provide a declaration of 'sprintf'
../Core/Src/main.c:631:43: warning: format '%d' expects argument of type 'int', but argument 3 has type 'uint32_t {aka long unsigned int}' [-Wformat=]
    sprintf(uart_buf2,"            Sound =%d\r\n", adc_value2);
                                          ~^
                                          %ld
../Core/Src/main.c:632:33: warning: pointer targets in passing argument 2 of 'HAL_UART_Transmit_IT' differ in signedness [-Wpointer-sign]
    HAL_UART_Transmit_IT(&huart3,uart_buf2,sizeof(uart_buf2));
                                 ^~~~~~~~~
In file included from ../Core/Inc/stm32f4xx_hal_conf.h:364:0,
                 from ../Drivers/STM32F4xx_HAL_Driver/Inc/stm32f4xx_hal.h:30,
                 from ../Core/Inc/main.h:31,
                 from ../Core/Src/main.c:23:
../Drivers/STM32F4xx_HAL_Driver/Inc/stm32f4xx_hal_uart.h:698:19: note: expected 'uint8_t * {aka unsigned char *}' but argument is of type 'char *'
 HAL_StatusTypeDef HAL_UART_Transmit_IT(UART_HandleTypeDef *huart, uint8_t *pData, uint16_t Size);
                   ^~~~~~~~~~~~~~~~~~~~
../Core/Src/main.c: In function 'MagneticTask':
../Core/Src/main.c:648:4: warning: incompatible implicit declaration of built-in function 'memset'
    memset(uart_buf3,0,sizeof(uart_buf3));
    ^~~~~~
../Core/Src/main.c:648:4: note: include '<string.h>' or provide a declaration of 'memset'
../Core/Src/main.c:649:4: warning: incompatible implicit declaration of built-in function 'sprintf'
    sprintf(uart_buf3,"Magnetic =%d\r\n", adc_value3);
    ^~~~~~~
../Core/Src/main.c:649:4: note: include '<stdio.h>' or provide a declaration of 'sprintf'
../Core/Src/main.c:649:34: warning: format '%d' expects argument of type 'int', but argument 3 has type 'uint32_t {aka long unsigned int}' [-Wformat=]
    sprintf(uart_buf3,"Magnetic =%d\r\n", adc_value3);
                                 ~^
                                 %ld
../Core/Src/main.c:650:33: warning: pointer targets in passing argument 2 of 'HAL_UART_Transmit_IT' differ in signedness [-Wpointer-sign]
    HAL_UART_Transmit_IT(&huart3,uart_buf3,sizeof(uart_buf3));
                                 ^~~~~~~~~
In file included from ../Core/Inc/stm32f4xx_hal_conf.h:364:0,
                 from ../Drivers/STM32F4xx_HAL_Driver/Inc/stm32f4xx_hal.h:30,
                 from ../Core/Inc/main.h:31,
                 from ../Core/Src/main.c:23:
../Drivers/STM32F4xx_HAL_Driver/Inc/stm32f4xx_hal_uart.h:698:19: note: expected 'uint8_t * {aka unsigned char *}' but argument is of type 'char *'
 HAL_StatusTypeDef HAL_UART_Transmit_IT(UART_HandleTypeDef *huart, uint8_t *pData, uint16_t Size);
                   ^~~~~~~~~~~~~~~~~~~~
arm-none-eabi-gcc -o "210929_stm32_RTOS_to_MFC.elf" @"objects.list"   -mcpu=cortex-m4 -T"C:\Users\hwido\Documents\stm32_RTOS_to_MFC\210929_stm32_RTOS_to_MFC\STM32F429ZITX_FLASH.ld" --specs=nosys.specs -Wl,-Map="210929_stm32_RTOS_to_MFC.map" -Wl,--gc-sections -static --specs=nano.specs -mfpu=fpv4-sp-d16 -mfloat-abi=hard -mthumb -Wl,--start-group -lc -lm -Wl,--end-group
Core/Src/main.o: In function `main':
C:/Users/hwido/Documents/stm32_RTOS_to_MFC/210929_stm32_RTOS_to_MFC/Debug/../Core/Src/main.c:221: undefined reference to `osMutexCreate'
collect2.exe: error: ld returned 1 exit status
make: *** [makefile:48: 210929_stm32_RTOS_to_MFC.elf] Error 1
"make -j8 all" terminated with exit code 2. Build might be incomplete.
01:56:46 **** Incremental Build of configuration Debug for project 210929_stm32_RTOS_to_MFC ****
make -j8 all 
arm-none-eabi-gcc "../Core/Src/main.c" -mcpu=cortex-m4 -std=gnu11 -g3 -DUSE_HAL_DRIVER -DDEBUG -DSTM32F429xx -c -I../Middlewares/Third_Party/FreeRTOS/Source/include -I../Middlewares/Third_Party/FreeRTOS/Source/portable/GCC/ARM_CM4F -I../Drivers/CMSIS/Include -I../Drivers/STM32F4xx_HAL_Driver/Inc -I../Core/Inc -I../Drivers/CMSIS/Device/ST/STM32F4xx/Include -I../Middlewares/Third_Party/FreeRTOS/Source/CMSIS_RTOS_V2 -I../Drivers/STM32F4xx_HAL_Driver/Inc/Legacy -O0 -ffunction-sections -fdata-sections -Wall -fstack-usage -MMD -MP -MF"Core/Src/main.d" -MT"Core/Src/main.o" --specs=nano.specs -mfpu=fpv4-sp-d16 -mfloat-abi=hard -mthumb -o "Core/Src/main.o"
../Core/Src/main.c:2:1: warning: "/*" within comment [-Wcomment]
 /* USER CODE BEGIN Header */
  
../Core/Src/main.c: In function 'HAL_UART_RxCpltCallback':
../Core/Src/main.c:146:32: warning: passing argument 2 of 'HAL_UART_Receive_IT' from incompatible pointer type [-Wincompatible-pointer-types]
   HAL_UART_Receive_IT(&huart3, &uart_buf, 1);
                                ^
In file included from ../Core/Inc/stm32f4xx_hal_conf.h:364:0,
                 from ../Drivers/STM32F4xx_HAL_Driver/Inc/stm32f4xx_hal.h:30,
                 from ../Core/Inc/main.h:31,
                 from ../Core/Src/main.c:23:
../Drivers/STM32F4xx_HAL_Driver/Inc/stm32f4xx_hal_uart.h:699:19: note: expected 'uint8_t * {aka unsigned char *}' but argument is of type 'char (*)[100]'
 HAL_StatusTypeDef HAL_UART_Receive_IT(UART_HandleTypeDef *huart, uint8_t *pData, uint16_t Size);
                   ^~~~~~~~~~~~~~~~~~~
../Core/Src/main.c: In function 'main':
../Core/Src/main.c:192:31: warning: passing argument 2 of 'HAL_UART_Receive_IT' from incompatible pointer type [-Wincompatible-pointer-types]
   HAL_UART_Receive_IT(&huart3,&uart_buf,1);
                               ^
In file included from ../Core/Inc/stm32f4xx_hal_conf.h:364:0,
                 from ../Drivers/STM32F4xx_HAL_Driver/Inc/stm32f4xx_hal.h:30,
                 from ../Core/Inc/main.h:31,
                 from ../Core/Src/main.c:23:
../Drivers/STM32F4xx_HAL_Driver/Inc/stm32f4xx_hal_uart.h:699:19: note: expected 'uint8_t * {aka unsigned char *}' but argument is of type 'char (*)[100]'
 HAL_StatusTypeDef HAL_UART_Receive_IT(UART_HandleTypeDef *huart, uint8_t *pData, uint16_t Size);
                   ^~~~~~~~~~~~~~~~~~~
../Core/Src/main.c: In function 'RotationTask':
../Core/Src/main.c:611:4: warning: implicit declaration of function 'memset' [-Wimplicit-function-declaration]
    memset(uart_buf1,0,sizeof(uart_buf1));
    ^~~~~~
../Core/Src/main.c:611:4: warning: incompatible implicit declaration of built-in function 'memset'
../Core/Src/main.c:611:4: note: include '<string.h>' or provide a declaration of 'memset'
../Core/Src/main.c:612:4: warning: implicit declaration of function 'sprintf' [-Wimplicit-function-declaration]
    sprintf(uart_buf1,"     Rotation =%d \r\n", adc_value1);
    ^~~~~~~
../Core/Src/main.c:612:4: warning: incompatible implicit declaration of built-in function 'sprintf'
../Core/Src/main.c:612:4: note: include '<stdio.h>' or provide a declaration of 'sprintf'
../Core/Src/main.c:612:39: warning: format '%d' expects argument of type 'int', but argument 3 has type 'uint32_t {aka long unsigned int}' [-Wformat=]
    sprintf(uart_buf1,"     Rotation =%d \r\n", adc_value1);
                                      ~^
                                      %ld
../Core/Src/main.c:613:33: warning: pointer targets in passing argument 2 of 'HAL_UART_Transmit_IT' differ in signedness [-Wpointer-sign]
    HAL_UART_Transmit_IT(&huart3,uart_buf1,sizeof(uart_buf1));
                                 ^~~~~~~~~
In file included from ../Core/Inc/stm32f4xx_hal_conf.h:364:0,
                 from ../Drivers/STM32F4xx_HAL_Driver/Inc/stm32f4xx_hal.h:30,
                 from ../Core/Inc/main.h:31,
                 from ../Core/Src/main.c:23:
../Drivers/STM32F4xx_HAL_Driver/Inc/stm32f4xx_hal_uart.h:698:19: note: expected 'uint8_t * {aka unsigned char *}' but argument is of type 'char *'
 HAL_StatusTypeDef HAL_UART_Transmit_IT(UART_HandleTypeDef *huart, uint8_t *pData, uint16_t Size);
                   ^~~~~~~~~~~~~~~~~~~~
../Core/Src/main.c: In function 'SoundTask':
../Core/Src/main.c:630:4: warning: incompatible implicit declaration of built-in function 'memset'
    memset(uart_buf2,0,sizeof(uart_buf2));
    ^~~~~~
../Core/Src/main.c:630:4: note: include '<string.h>' or provide a declaration of 'memset'
../Core/Src/main.c:631:4: warning: incompatible implicit declaration of built-in function 'sprintf'
    sprintf(uart_buf2,"            Sound =%d\r\n", adc_value2);
    ^~~~~~~
../Core/Src/main.c:631:4: note: include '<stdio.h>' or provide a declaration of 'sprintf'
../Core/Src/main.c:631:43: warning: format '%d' expects argument of type 'int', but argument 3 has type 'uint32_t {aka long unsigned int}' [-Wformat=]
    sprintf(uart_buf2,"            Sound =%d\r\n", adc_value2);
                                          ~^
                                          %ld
../Core/Src/main.c:632:33: warning: pointer targets in passing argument 2 of 'HAL_UART_Transmit_IT' differ in signedness [-Wpointer-sign]
    HAL_UART_Transmit_IT(&huart3,uart_buf2,sizeof(uart_buf2));
                                 ^~~~~~~~~
In file included from ../Core/Inc/stm32f4xx_hal_conf.h:364:0,
                 from ../Drivers/STM32F4xx_HAL_Driver/Inc/stm32f4xx_hal.h:30,
                 from ../Core/Inc/main.h:31,
                 from ../Core/Src/main.c:23:
../Drivers/STM32F4xx_HAL_Driver/Inc/stm32f4xx_hal_uart.h:698:19: note: expected 'uint8_t * {aka unsigned char *}' but argument is of type 'char *'
 HAL_StatusTypeDef HAL_UART_Transmit_IT(UART_HandleTypeDef *huart, uint8_t *pData, uint16_t Size);
                   ^~~~~~~~~~~~~~~~~~~~
../Core/Src/main.c: In function 'MagneticTask':
../Core/Src/main.c:648:4: warning: incompatible implicit declaration of built-in function 'memset'
    memset(uart_buf3,0,sizeof(uart_buf3));
    ^~~~~~
../Core/Src/main.c:648:4: note: include '<string.h>' or provide a declaration of 'memset'
../Core/Src/main.c:649:4: warning: incompatible implicit declaration of built-in function 'sprintf'
    sprintf(uart_buf3,"Magnetic =%d\r\n", adc_value3);
    ^~~~~~~
../Core/Src/main.c:649:4: note: include '<stdio.h>' or provide a declaration of 'sprintf'
../Core/Src/main.c:649:34: warning: format '%d' expects argument of type 'int', but argument 3 has type 'uint32_t {aka long unsigned int}' [-Wformat=]
    sprintf(uart_buf3,"Magnetic =%d\r\n", adc_value3);
                                 ~^
                                 %ld
../Core/Src/main.c:650:33: warning: pointer targets in passing argument 2 of 'HAL_UART_Transmit_IT' differ in signedness [-Wpointer-sign]
    HAL_UART_Transmit_IT(&huart3,uart_buf3,sizeof(uart_buf3));
                                 ^~~~~~~~~
In file included from ../Core/Inc/stm32f4xx_hal_conf.h:364:0,
                 from ../Drivers/STM32F4xx_HAL_Driver/Inc/stm32f4xx_hal.h:30,
                 from ../Core/Inc/main.h:31,
                 from ../Core/Src/main.c:23:
../Drivers/STM32F4xx_HAL_Driver/Inc/stm32f4xx_hal_uart.h:698:19: note: expected 'uint8_t * {aka unsigned char *}' but argument is of type 'char *'
 HAL_StatusTypeDef HAL_UART_Transmit_IT(UART_HandleTypeDef *huart, uint8_t *pData, uint16_t Size);
                   ^~~~~~~~~~~~~~~~~~~~
arm-none-eabi-gcc -o "210929_stm32_RTOS_to_MFC.elf" @"objects.list"   -mcpu=cortex-m4 -T"C:\Users\hwido\Documents\stm32_RTOS_to_MFC\210929_stm32_RTOS_to_MFC\STM32F429ZITX_FLASH.ld" --specs=nosys.specs -Wl,-Map="210929_stm32_RTOS_to_MFC.map" -Wl,--gc-sections -static --specs=nano.specs -mfpu=fpv4-sp-d16 -mfloat-abi=hard -mthumb -Wl,--start-group -lc -lm -Wl,--end-group
Finished building target: 210929_stm32_RTOS_to_MFC.elf
 
arm-none-eabi-objdump -h -S  210929_stm32_RTOS_to_MFC.elf  > "210929_stm32_RTOS_to_MFC.list"
arm-none-eabi-objcopy  -O binary  210929_stm32_RTOS_to_MFC.elf  "210929_stm32_RTOS_to_MFC.bin"
arm-none-eabi-size   210929_stm32_RTOS_to_MFC.elf 
   text	   data	    bss	    dec	    hex	filename
  31688	    124	  21036	  52848	   ce70	210929_stm32_RTOS_to_MFC.elf
Finished building: default.size.stdout
 
Finished building: 210929_stm32_RTOS_to_MFC.bin
 
Finished building: 210929_stm32_RTOS_to_MFC.list
 
01:57:03 **** Incremental Build of configuration Debug for project 210929_stm32_RTOS_to_MFC ****
make -j8 all 
arm-none-eabi-size   210929_stm32_RTOS_to_MFC.elf 
   text	   data	    bss	    dec	    hex	filename
  31688	    124	  21036	  52848	   ce70	210929_stm32_RTOS_to_MFC.elf
Finished building: default.size.stdout
 
01:58:08 **** Incremental Build of configuration Debug for project 210929_stm32_RTOS_to_MFC ****
make -j8 all 
arm-none-eabi-gcc "../Core/Src/main.c" -mcpu=cortex-m4 -std=gnu11 -g3 -DUSE_HAL_DRIVER -DDEBUG -DSTM32F429xx -c -I../Middlewares/Third_Party/FreeRTOS/Source/include -I../Middlewares/Third_Party/FreeRTOS/Source/portable/GCC/ARM_CM4F -I../Drivers/CMSIS/Include -I../Drivers/STM32F4xx_HAL_Driver/Inc -I../Core/Inc -I../Drivers/CMSIS/Device/ST/STM32F4xx/Include -I../Middlewares/Third_Party/FreeRTOS/Source/CMSIS_RTOS_V2 -I../Drivers/STM32F4xx_HAL_Driver/Inc/Legacy -O0 -ffunction-sections -fdata-sections -Wall -fstack-usage -MMD -MP -MF"Core/Src/main.d" -MT"Core/Src/main.o" --specs=nano.specs -mfpu=fpv4-sp-d16 -mfloat-abi=hard -mthumb -o "Core/Src/main.o"
../Core/Src/main.c:2:1: warning: "/*" within comment [-Wcomment]
 /* USER CODE BEGIN Header */
  
../Core/Src/main.c: In function 'HAL_UART_RxCpltCallback':
../Core/Src/main.c:146:32: warning: passing argument 2 of 'HAL_UART_Receive_IT' from incompatible pointer type [-Wincompatible-pointer-types]
   HAL_UART_Receive_IT(&huart3, &uart_buf, 1);
                                ^
In file included from ../Core/Inc/stm32f4xx_hal_conf.h:364:0,
                 from ../Drivers/STM32F4xx_HAL_Driver/Inc/stm32f4xx_hal.h:30,
                 from ../Core/Inc/main.h:31,
                 from ../Core/Src/main.c:23:
../Drivers/STM32F4xx_HAL_Driver/Inc/stm32f4xx_hal_uart.h:699:19: note: expected 'uint8_t * {aka unsigned char *}' but argument is of type 'char (*)[100]'
 HAL_StatusTypeDef HAL_UART_Receive_IT(UART_HandleTypeDef *huart, uint8_t *pData, uint16_t Size);
                   ^~~~~~~~~~~~~~~~~~~
../Core/Src/main.c: In function 'main':
../Core/Src/main.c:192:31: warning: passing argument 2 of 'HAL_UART_Receive_IT' from incompatible pointer type [-Wincompatible-pointer-types]
   HAL_UART_Receive_IT(&huart3,&uart_buf,1);
                               ^
In file included from ../Core/Inc/stm32f4xx_hal_conf.h:364:0,
                 from ../Drivers/STM32F4xx_HAL_Driver/Inc/stm32f4xx_hal.h:30,
                 from ../Core/Inc/main.h:31,
                 from ../Core/Src/main.c:23:
../Drivers/STM32F4xx_HAL_Driver/Inc/stm32f4xx_hal_uart.h:699:19: note: expected 'uint8_t * {aka unsigned char *}' but argument is of type 'char (*)[100]'
 HAL_StatusTypeDef HAL_UART_Receive_IT(UART_HandleTypeDef *huart, uint8_t *pData, uint16_t Size);
                   ^~~~~~~~~~~~~~~~~~~
../Core/Src/main.c: In function 'RotationTask':
../Core/Src/main.c:611:4: warning: implicit declaration of function 'memset' [-Wimplicit-function-declaration]
    memset(uart_buf1,0,sizeof(uart_buf1));
    ^~~~~~
../Core/Src/main.c:611:4: warning: incompatible implicit declaration of built-in function 'memset'
../Core/Src/main.c:611:4: note: include '<string.h>' or provide a declaration of 'memset'
../Core/Src/main.c:612:4: warning: implicit declaration of function 'sprintf' [-Wimplicit-function-declaration]
    sprintf(uart_buf1,"     Rotation =%d \r\n", adc_value1);
    ^~~~~~~
../Core/Src/main.c:612:4: warning: incompatible implicit declaration of built-in function 'sprintf'
../Core/Src/main.c:612:4: note: include '<stdio.h>' or provide a declaration of 'sprintf'
../Core/Src/main.c:612:39: warning: format '%d' expects argument of type 'int', but argument 3 has type 'uint32_t {aka long unsigned int}' [-Wformat=]
    sprintf(uart_buf1,"     Rotation =%d \r\n", adc_value1);
                                      ~^
                                      %ld
../Core/Src/main.c:613:33: warning: pointer targets in passing argument 2 of 'HAL_UART_Transmit_IT' differ in signedness [-Wpointer-sign]
    HAL_UART_Transmit_IT(&huart3,uart_buf1,sizeof(uart_buf1));
                                 ^~~~~~~~~
In file included from ../Core/Inc/stm32f4xx_hal_conf.h:364:0,
                 from ../Drivers/STM32F4xx_HAL_Driver/Inc/stm32f4xx_hal.h:30,
                 from ../Core/Inc/main.h:31,
                 from ../Core/Src/main.c:23:
../Drivers/STM32F4xx_HAL_Driver/Inc/stm32f4xx_hal_uart.h:698:19: note: expected 'uint8_t * {aka unsigned char *}' but argument is of type 'char *'
 HAL_StatusTypeDef HAL_UART_Transmit_IT(UART_HandleTypeDef *huart, uint8_t *pData, uint16_t Size);
                   ^~~~~~~~~~~~~~~~~~~~
../Core/Src/main.c: In function 'SoundTask':
../Core/Src/main.c:630:4: warning: incompatible implicit declaration of built-in function 'memset'
    memset(uart_buf2,0,sizeof(uart_buf2));
    ^~~~~~
../Core/Src/main.c:630:4: note: include '<string.h>' or provide a declaration of 'memset'
../Core/Src/main.c:631:4: warning: incompatible implicit declaration of built-in function 'sprintf'
    sprintf(uart_buf2,"            Sound =%d\r\n", adc_value2);
    ^~~~~~~
../Core/Src/main.c:631:4: note: include '<stdio.h>' or provide a declaration of 'sprintf'
../Core/Src/main.c:631:43: warning: format '%d' expects argument of type 'int', but argument 3 has type 'uint32_t {aka long unsigned int}' [-Wformat=]
    sprintf(uart_buf2,"            Sound =%d\r\n", adc_value2);
                                          ~^
                                          %ld
../Core/Src/main.c:632:33: warning: pointer targets in passing argument 2 of 'HAL_UART_Transmit_IT' differ in signedness [-Wpointer-sign]
    HAL_UART_Transmit_IT(&huart3,uart_buf2,sizeof(uart_buf2));
                                 ^~~~~~~~~
In file included from ../Core/Inc/stm32f4xx_hal_conf.h:364:0,
                 from ../Drivers/STM32F4xx_HAL_Driver/Inc/stm32f4xx_hal.h:30,
                 from ../Core/Inc/main.h:31,
                 from ../Core/Src/main.c:23:
../Drivers/STM32F4xx_HAL_Driver/Inc/stm32f4xx_hal_uart.h:698:19: note: expected 'uint8_t * {aka unsigned char *}' but argument is of type 'char *'
 HAL_StatusTypeDef HAL_UART_Transmit_IT(UART_HandleTypeDef *huart, uint8_t *pData, uint16_t Size);
                   ^~~~~~~~~~~~~~~~~~~~
../Core/Src/main.c: In function 'TouchTask':
../Core/Src/main.c:648:4: warning: incompatible implicit declaration of built-in function 'memset'
    memset(uart_buf3,0,sizeof(uart_buf3));
    ^~~~~~
../Core/Src/main.c:648:4: note: include '<string.h>' or provide a declaration of 'memset'
../Core/Src/main.c:649:4: warning: incompatible implicit declaration of built-in function 'sprintf'
    sprintf(uart_buf3,"Touch =%d\r\n", adc_value3);
    ^~~~~~~
../Core/Src/main.c:649:4: note: include '<stdio.h>' or provide a declaration of 'sprintf'
../Core/Src/main.c:649:31: warning: format '%d' expects argument of type 'int', but argument 3 has type 'uint32_t {aka long unsigned int}' [-Wformat=]
    sprintf(uart_buf3,"Touch =%d\r\n", adc_value3);
                              ~^
                              %ld
../Core/Src/main.c:650:33: warning: pointer targets in passing argument 2 of 'HAL_UART_Transmit_IT' differ in signedness [-Wpointer-sign]
    HAL_UART_Transmit_IT(&huart3,uart_buf3,sizeof(uart_buf3));
                                 ^~~~~~~~~
In file included from ../Core/Inc/stm32f4xx_hal_conf.h:364:0,
                 from ../Drivers/STM32F4xx_HAL_Driver/Inc/stm32f4xx_hal.h:30,
                 from ../Core/Inc/main.h:31,
                 from ../Core/Src/main.c:23:
../Drivers/STM32F4xx_HAL_Driver/Inc/stm32f4xx_hal_uart.h:698:19: note: expected 'uint8_t * {aka unsigned char *}' but argument is of type 'char *'
 HAL_StatusTypeDef HAL_UART_Transmit_IT(UART_HandleTypeDef *huart, uint8_t *pData, uint16_t Size);
                   ^~~~~~~~~~~~~~~~~~~~
arm-none-eabi-gcc -o "210929_stm32_RTOS_to_MFC.elf" @"objects.list"   -mcpu=cortex-m4 -T"C:\Users\hwido\Documents\stm32_RTOS_to_MFC\210929_stm32_RTOS_to_MFC\STM32F429ZITX_FLASH.ld" --specs=nosys.specs -Wl,-Map="210929_stm32_RTOS_to_MFC.map" -Wl,--gc-sections -static --specs=nano.specs -mfpu=fpv4-sp-d16 -mfloat-abi=hard -mthumb -Wl,--start-group -lc -lm -Wl,--end-group
Finished building target: 210929_stm32_RTOS_to_MFC.elf
 
arm-none-eabi-objdump -h -S  210929_stm32_RTOS_to_MFC.elf  > "210929_stm32_RTOS_to_MFC.list"
arm-none-eabi-objcopy  -O binary  210929_stm32_RTOS_to_MFC.elf  "210929_stm32_RTOS_to_MFC.bin"
arm-none-eabi-size   210929_stm32_RTOS_to_MFC.elf 
   text	   data	    bss	    dec	    hex	filename
  31680	    124	  21036	  52840	   ce68	210929_stm32_RTOS_to_MFC.elf
Finished building: default.size.stdout
 
Finished building: 210929_stm32_RTOS_to_MFC.bin
 
Finished building: 210929_stm32_RTOS_to_MFC.list
 
01:58:30 **** Incremental Build of configuration Debug for project 210929_stm32_RTOS_to_MFC ****
make -j8 all 
arm-none-eabi-size   210929_stm32_RTOS_to_MFC.elf 
   text	   data	    bss	    dec	    hex	filename
  31680	    124	  21036	  52840	   ce68	210929_stm32_RTOS_to_MFC.elf
Finished building: default.size.stdout
 
